
> react-hello-world@1.0.0 web
> expo start --web

Starting project at /app
Starting Metro Bundler
The following packages should be updated for best compatibility with the installed expo version:
  expo@54.0.33 - expected version: ~54.0.37
  expo-document-picker@57.0.1 - expected version: ~14.0.8
  expo-file-system@19.0.21 - expected version: ~19.0.24
  expo-image-picker@17.0.10 - expected version: ~17.0.11
  expo-localization@57.0.1 - expected version: ~17.0.9
  @types/jest@30.0.0 - expected version: 29.5.14
  jest-expo@54.0.17 - expected version: ~54.0.18
Your project may not work correctly until you install the expected versions of the packages.
Waiting on http://localhost:8081
Logs for your project will appear below.
Web node_modules/expo/AppEntry.js ░░░░░░░░░░░░░░░░  0.0% (0/1)
Web node_modules/expo/AppEntry.js ▓▓▓▓▓▓▓▓▓▓░░░░░░ 62.5% (152/308)
Web node_modules/expo/AppEntry.js ▓▓▓▓▓▓▓▓▓▓░░░░░░ 67.8% (491/599)
Web node_modules/expo/AppEntry.js ▓▓▓▓▓▓▓▓▓▓▓▓▓▓░░ 90.0% (646/681)
Web Bundled 11486ms node_modules/expo/AppEntry.js (734 modules)
 LOG  [web] Logs will appear in the browser console
